[0m18:38:57.778743 [debug] [MainThread]: Sending event: {'category': 'dbt', 'action': 'invocation', 'label': 'start', 'context': [<snowplow_tracker.self_describing_json.SelfDescribingJson object at 0x772cdde37ce0>, <snowplow_tracker.self_describing_json.SelfDescribingJson object at 0x772cdf10d0a0>, <snowplow_tracker.self_describing_json.SelfDescribingJson object at 0x772cdd623d70>]}


============================== 18:38:57.784252 | 8a363c05-808e-4e9c-8ccf-0d25d5daaa4b ==============================
[0m18:38:57.784252 [info ] [MainThread]: Running with dbt=1.10.9
[0m18:38:57.784651 [debug] [MainThread]: running dbt with arguments {'use_colors': 'True', 'printer_width': '80', 'partial_parse': 'True', 'invocation_command': 'dbt deps', 'indirect_selection': 'eager', 'cache_selected_only': 'False', 'empty': 'None', 'warn_error_options': 'WarnErrorOptionsV2(error=[], warn=[], silence=[])', 'version_check': 'True', 'log_path': '/opt/airflow/dbt/logs', 'target_path': 'None', 'profiles_dir': '/opt/airflow/dbt', 'log_format': 'default', 'static_parser': 'True', 'log_cache_events': 'False', 'debug': 'False', 'warn_error': 'None', 'no_print': 'None', 'introspect': 'True', 'quiet': 'False', 'fail_fast': 'False', 'use_experimental_parser': 'False', 'send_anonymous_usage_stats': 'True', 'write_json': 'True'}
[0m18:38:58.048016 [debug] [MainThread]: Sending event: {'category': 'dbt', 'action': 'project_id', 'label': '8a363c05-808e-4e9c-8ccf-0d25d5daaa4b', 'context': [<snowplow_tracker.self_describing_json.SelfDescribingJson object at 0x772cdc50bc20>]}
[0m18:38:58.095517 [debug] [MainThread]: Set downloads directory='/tmp/dbt-downloads-1rbkudbk'
[0m18:38:58.095936 [debug] [MainThread]: Making package index registry request: GET https://hub.getdbt.com/api/v1/index.json
[0m18:38:58.703808 [debug] [MainThread]: Response from registry index: GET https://hub.getdbt.com/api/v1/index.json 200
[0m18:38:58.704492 [debug] [MainThread]: Making package registry request: GET https://hub.getdbt.com/api/v1/dbt-labs/dbt_utils.json
[0m18:38:58.887683 [debug] [MainThread]: Response from registry: GET https://hub.getdbt.com/api/v1/dbt-labs/dbt_utils.json 200
[0m18:38:58.894909 [info ] [MainThread]: Updating lock file in file path: /opt/airflow/dbt/package-lock.yml
[0m18:38:58.897304 [debug] [MainThread]: Set downloads directory='/tmp/dbt-downloads-qzkdc1wt'
[0m18:38:58.899130 [info ] [MainThread]: Installing dbt-labs/dbt_utils
[0m18:38:59.316199 [info ] [MainThread]: Installed from version 1.3.0
[0m18:38:59.316594 [info ] [MainThread]: Up to date!
[0m18:38:59.316891 [debug] [MainThread]: Sending event: {'category': 'dbt', 'action': 'package', 'label': '8a363c05-808e-4e9c-8ccf-0d25d5daaa4b', 'property_': 'install', 'context': [<snowplow_tracker.self_describing_json.SelfDescribingJson object at 0x772cdc4248f0>, <snowplow_tracker.self_describing_json.SelfDescribingJson object at 0x772cdc424aa0>]}
[0m18:38:59.318510 [debug] [MainThread]: Resource report: {"command_name": "deps", "command_success": true, "command_wall_clock_time": 1.5759952, "process_in_blocks": "81904", "process_kernel_time": 0.266325, "process_mem_max_rss": "106136", "process_out_blocks": "2760", "process_user_time": 0.959554}
[0m18:38:59.318900 [debug] [MainThread]: Command `dbt deps` succeeded at 18:38:59.318831 after 1.58 seconds
[0m18:38:59.319213 [debug] [MainThread]: Sending event: {'category': 'dbt', 'action': 'invocation', 'label': 'end', 'context': [<snowplow_tracker.self_describing_json.SelfDescribingJson object at 0x772ce0db7710>, <snowplow_tracker.self_describing_json.SelfDescribingJson object at 0x772cdea49f10>, <snowplow_tracker.self_describing_json.SelfDescribingJson object at 0x772cdf10d0a0>]}
[0m18:38:59.319485 [debug] [MainThread]: Flushing usage events
[0m18:39:00.149447 [debug] [MainThread]: An error was encountered while trying to flush usage events
